// Jest Snapshot v1, https://goo.gl/fbAQLP

exports[`About component should render as expected 1`] = `
<h1>
  Whoops!  There is nothing to see here!
</h1>
`;
